// THIS MAPPING IS TO BE HUMAN-MAINTAINED FOR QUALITY REASONS.
//  Some names have been made up to replace names that are not available.
//  Replace them if more information comes in.

// Machine Mappings, Reasonably Verified
addons:S
track:L
inBetweenTrack:wb
changeType:ka
currentTrack:Aa
varName:ma
soundManager:U
sound:ba
system:a
image:$
_timer:ia
lines:ra
tilesize:G
transition:Cb
Timer:qa
skipTile:Ca
_type:e
resources:Bb
GUI_ALIGN:j
_info:f
wait:ca
identity:vb
Camera:gc
run:H
vars:Q
offY:Ab
SPEED_OPTIONS:fg
currentNode:cb
cacheType:Ub
offX:Xa
subString:$b
repeatTimer:Qd
Font:Ja
draw:v
levels:K
string:Zb
ALIGN:Pa
nextNode:lb
vel:D
_transitionType:jc
introSound:rd
bgm:rb
g:Xb
disconnectMusic:Te
Event:da
r:Yb
timeFunction:B
fragment:pb
introNode:xb
animState:V
fullTimer:ld
sourceX:we
swapSound:Uf
getVarName:ne
sourceY:xe
patternTileWidth:Li
base:he
transitions:sa
decreaseRef:ub
config:Qc
_drawStatus:fe
_current:ee
timer:h
getChannel:ji
charHeight:Oc
clearCached:X
entries:mc
optMode:se
_playTopSong:Kj
getExpressionValue:me
entity:u
getDrawPos:va
mime:Ai
game:l
toBeFiltered:Yf
_withActor:Np
buffers:cc
MultiFont:Ad
ImagePattern:Lc
masterLevel:ef
OPT:ce
Action:Pb
_default:Le
_initSound:Ul
introPlayed:Uc
widthMap:Ce
waitSkip:ab
patternTileHeight:yn
_endFadeIn:Dj
worker:Zf
endTimer:Ig
_volume:Jb
walkAnims:R
volumes:Yd
setVolume:Sd
endCallback:Ue
xCount:ij
_select:ea
anim:na
scrollTransition:pc
ua:Ob
KEY:jb
BLUR_ZOOM_CONFIG:Fo
CENTER:Ic
actions:Nc
delayedKeyup:Ff
alphaStart:Mh
particlePerSecond:xn
currentParticle:Xh
prepare:Od
filtered:Ng
onCacheCleared:ud
presses:Qi
currentLine:Rc
varsChanged:ad
ext:Lg
BGM_TRACK_LIST:uh
condition:tb
modules:td
keyups:zk
bindings:zf
zoomAdd:ml
blockDir:ie
yCount:Ks
optimization:Nr
Sound:pa
_initSounds:Eh
nocache:ln
introMultiAudio:pi
scaleX:Ka
addCallback:em
introEnd:kb
effectSheet:di
iconSets:Wg
alphaStep:Up
anchorOffsetY:Oh
tile:Hc
followUp:ob
_time:Fb
Config:q
fadeInTime:fk
_fadeInTime:lg
versionSearch:oh
initPattern:dr
Cacheable:nj
locks:dn
loadInternal:Of
multiAudio:gf
Y_TOP:Fa
fadeOutTime:gk
chunkSizeX:Ed
initBuffer:br
withElse:Co
camera:vc
X_CENTER:Qa
TIMER_MODE:cd
pivot:O
tick:A
music:Wa
b:Tb
onImageLoaded:Hr
RIGHT:xj
ACTION_STEP:Y
runningTasks:Ui
firstChar:Og
backContext:Oj
_loopTrack:Ap
_interval:Fj
trackStack:$c
chunkSizeY:Pc
_initAudioBuffers:sp
prerendered:Pi
LEFT:Ge
_endIntro:hp
clips:Bf
minutes:sd
gfx:F
zoomType:nl
$new:ac
ActorEntity:Qb
REPEAT_X_OR_Y:wj
MOUSE2:uj
zooms:$d
loading:Pf
ICON_START:xh
linePadding:Dk
onEnd:bh
pos:b
MOUSE1:yl
image2:$q
introBufferHandle:Yg
Loadable:yh
_createFiltered:cp
gameClass:Mq
ConsoleType:oj
sourceImage:Yi
finalize:Gq
totalWidth:Cs
totalParticles:uo
blinkAlpha:ed
_doCallback:Ql
_responseCount:$l
patterns:Pr
_execModules:Ej
teleport:Vd
_getTopTrack:Tl
timeLine:Xf
totalHeight:Bs
guiState:Ug
preUpdate:Vk
parsedText:Ha
screenBlur:ih
gui:w
followUpSheet:kd
_context:Rb
commands:Cf
onfiltered:Lr
ONCE:qf
bufferHandle:Rj
loadCallback:ui
systemBuffer:ss
_nextTrackReset:pg
indicesX:ni
channelCount:fq
_actionEntity:hg
bleepDelay:Pj
freeWebAudioBuffer:ew
hasWebAudio:qk
_loopCount:ng
_startInterval:Lp
firstDraw:Iq
levelLoadStart:Bk
operator:px
branches:fd
systemContext:ts
levelLoadedOrder:bn
levelLoadStartOrder:an
loadingFinished:Id
postDraw:eh
baked:m
timeLineIndex:mh
NumberGui:He
TextBlock:Bd
doTask:zq
midDrawOrder:En
centiseconds:wc
ImageModFragment:Ea
_createBuffer:bp
VarCondition:Ch
pixelRatio:Bn
WeightTimer:Bj
spawnOnTarget:Zi
eventAttached:Kg
currentStep:lc
addFiltered:lv
FACE4:vh
anchorOffsetX:Nh
isUsingKeyboard:kr
getCacheSuffix:We
templates:xs
setNumber:Rd
use:Hs
setCurrentAnim:Ia
setAlign:Za
SPACE:Zt
PAGE_UP:Sz
PAGE_DOWN:Rz
END:Zy
HOME:rz
LEFT_ARROW:vt
UP_ARROW:tu
RIGHT_ARROW:Rt
DOWN_ARROW:Vs
INSERT:tz
DELETE:Wy
_0:qA
_1:rA
_2:sA
_3:tA
_4:uA
_5:vA
_6:wA
_7:xA
_8:yA
blinkDuration:Qe
DIVIDE:Xy
REPEAT_Y:El
seconds:Dc
_recreateNodes:Zu
REPEAT_X:Dl
trackSet:Es
ScreenBlur:$t
lastId:nr
oldList:mn
K:wz
L:xz
M:Az
N:Ez
O:Pz
P:Qz
Q:Wz
R:Xz
S:Tt
T:lu
U:kA
V:lA
W:vu
X:nA
Y:oA
Z:pA
NUMPAD_0:Fz
NUMPAD_1:Gz
NUMPAD_2:Hz
NUMPAD_3:Iz
NUMPAD_4:Jz
NUMPAD_5:Kz
NUMPAD_6:Lz
NUMPAD_7:Mz
NUMPAD_8:Nz
NUMPAD_9:Oz
MULTIPLY:Dz
ADD:Ky
SUBSTRACT:eA
DECIMAL:Vy
reverseRelativeDelta:as
F1:bz
F2:fz
indicesY:uk
currentDevice:Ef
setMusicVolume:Sx
onWindowFocusLost:ox
onWindowFocusGained:nx
EventStepBase:T
deferredUpdate:hd
consoleType:$j
levelLoaded:Ck
ESC:$y
stopped:Gc
particles:te
freeMultiAudio:dw
F3:gz
_intervalId:up
firstUpdateLoop:Pg
removeTarget:Tn
J:vz
I:sz
JsonTemplate:ut
getTileSrc:Pm
H:qz
G:oz
TargetHandle:Ah
F:az
D:Us
C:Py
B:My
A:Ms
_9:zA
CAPS:Ry
PAUSE:Tz
ENTER:$s
viaWalkConfig:yo
TAB:gA
_trackEnded:bv
BACKSPACE:Os
MWHEEL_DOWN:Bt
Y_CENTER:Eb
currentCmd:Df
onresized:Mr
postUpdate:Qk
OVERLAY_CORNER:Bl
resX:Si
spriteSlots:ye
_unloaded:Ih
LEFT_STICK:wt
startScaleX:hy
DPAD_UP:Zs
actionAttachedCondition:fv
process:Jn
re:Nn
marker:Bc
emptyMapChangeCount:Em
ImagePatternSheet:uz
REPEAT_X_AND_Y:Qt
DPAD_DOWN:Ws
renderMode:Un
ZoomBlurHandle:Nl
RIGHT_STICK:St
soundBuffer:kh
startScaleY:iy
START:zj
image1:Zq
delta:ym
staticInstantiate:el
setPos:xa
example:Eq
lineIdx:cf
release:Rn
iconChangeListeners:Vg
_waitForOnload:Jh
addChildGui:ga
additionalCallbacks:gm
MWHEEL_UP:Ct
_loadQueue:Ne
animSheet:ua
done:Gd
F4:hz
onVarsChanged:un
EVENT_STEP:N
ENTITY:wa
gfxOffset:Tc
getBranchNames:Pq
WEBM:mA
SELECT:Ut
contextHeight:xc
loadResource:sr
addResource:Tp
overlay:Cc
addGameAddon:xf
effect:Lb
imageAtlas:rk
_visualize:tg
_loadCallbackBound:yp
F5:iz
referenceCount:Ri
initKeyboard:Bw
drawCount:ke
ICON_END:Oo
prop:Ax
actualTick:ha
getTimeUntilTargetReached:mk
DPAD_LEFT:Xs
connectMusic:Zj
spawnFixed:jf
unregisterTrack:vo
preDraw:Sk
namedSounds:jn
repeatCycle:Hx
setCorner:Kx
contextWidth:yc
factorRed:cB
getNext:Nm
immediate:sk
_startTime:qb
F6:jz
Class:k
onReset:rn
getBuffer:jw
removeNamedSound:Gx
setSoundVolume:Xx
format:jk
Worker:yu
setDefault:ds
fillCallback:Fq
_checkCurrentTrackEquality:Ol
cacheKey:Sj
cache:je
ENTITY_ALIGN:Kc
LOG:xt
perf:zn
getPattern:rB
instance:Dw
RIGHT_TRIGGER:Xo
backBuffer:Zp
_timeUpdateCallback:av
loopEnd:Nb
MultiAudio:Al
playing:Ni
ok:Fr
DPAD_RIGHT:Ys
actor:Lh
walkAnimsName:zo
OGG:Kt
onPostUpdate:Nk
Loader:tj
cubeSprite:Wh
usePatternDraw:By
keepState:yk
weight:Ib
contextScale:Vh
X_RIGHT:Db
colorAdd:UA
register:Qn
factorBlue:aB
factorGreen:bB
generateHit:eB
offsets:Nd
clearPressed:Cv
touchStart:yy
isUsingMouse:lr
inbetween:Tm
ImageAtlasFragment:rt
_boot:Fu
varsChangedOrder:Is
colorNew:Cg
entityAttachedCondition:Fm
failed:hk
_increaseChannels:rp
_clip:Dh
getNamedSound:tw
_duration:ic
clearEntityAttached:tm
setSize:Ec
color2:lq
_setFadeOut:Hh
CAF:Qy
_DOMReady:Cj
colorBWeight:vm
getVec2:oe
$:sh
brake:om
maxLevel:Jd
hasFiltered:BB
Y_BOTTOM:de
_optional:Pe
startX:oo
_getActualIndex:kp
addIconChangeListener:mv
_loadMetrics:Wu
F7:kz
_loadIndex:Wl
isUsingAccelerometer:Iw
pressed:Wk
getVolume:nk
clearActionAttached:iq
minBounceVelocity:Ar
fontStyles:cw
ground:Xe
AXES:fc
_initDOMReady:Ru
setFadeOut:Ox
accelDir:J
storedWalkAnims:rs
loadWebAudio:Tw
WebAudioBuffer:Ll
ImageAtlas:qt
onPostDraw:Mk
_createLine:Gu
color1:kq
scaleY:La
colorB:nq
cellSize:bb
F8:lz
_fill:Mu
_getFragment:Ou
collEntryMap:Oa
_pointSelect:rg
lib:Ow
isTrackPlaying:jr
SLOWER:cA
SLOWEST:dA
SPEED:rf
getLevelHeight:qw
invalidate:Fw
getLineWidth:rw
followUpName:fi
init:d
idx:Kf
X_LEFT:uc
finalDraw:bw
preRenderedChunks:ue
StartLoader:iu
attachGroup:jm
namedGuiElements:qe
RIGHT_SHOULDER:Wo
startAlpha:ya
getStackSize:tB
_loadCallback:Vu
jsonTemplate:TB
_nextStep:og
setFace:oC
getCacheKey:ii
TeleportPosition:Kl
LEFT_STICK_X:rj
LEFT_SHOULDER:Qo
cornerGui:rq
levelKey:pr
getHeightFromLevelOffset:Tq
resY:Yr
BUFFER_WIDTH:lj
defragment:Mv
defaultBgm:xq
BGM_DEFAULT_TRACKS:kj
GUI:Da
mapAttribs:wi
setIconSet:qC
_onMessage:Yu
clearPrerendered:Uj
command:pq
_getCurrentColor:Sl
a:Kh
Overlay:Nt
_data:ep
EffectParticleRunner:at
dirChanges:dk
resume:Zk
initGameAddons:Aw
_pushNextTrack:Fp
GameAddon:of
minAlpha:Bi
_clearNodes:Pl
_pauseTime:Jj
_alphaEntities:Cu
_alphaInactive:Du
_alphaActive:Bu
_icon:qp
maxAlpha:yi
fadeOutZoom:Zv
CONFIG:tc
namedZooms:Di
drawShadow:Cq
spriteIdx:mo
zMin:rh
_last:wp
addZoom:fm
performStep:An
setDone:Nx
anchorOffsetZ:Ph
SingleLoadable:bu
bindTouch:QA
F9:mz
_noFirstLastLayer:FA
wallY:hb
setImageSrc:Rx
setPivot:Tx
NinePatch:vj
removeIconChangeListener:Fx
onLevelLoadStart:Lk
targets:Ud
target1:fl
tiles:Wd
drawTile:ek
hasFocusLost:li
INPUT_DEVICES:pf
KEYBOARD_AND_MOUSE:wl
solveBlockCollision:dl
initMouse:Cw
realWidth:Pn
F10:cz
bounciness:Re
yIndex:jj
animName:Qh
tX:ny
zMax:qh
setAlpha:ve
unbindAll:DC
getTextState:vB
setGameNow:gs
running:Rf
colorOld:Xj
addEventAttached:Sp
_getAlpha:lp
Lang:yt
TrackWebAudio:ru
drawLines:Bq
_splitEntry:Jp
ignoreSlowDown:mi
LEFT_STICK_Y:sj
lightmapGfx:Pw
langFileList:Ak
setupCallScope:cl
getFaceVec:Mm
resolve:fC
M4A:Bz
TrackDefault:Zo
storeWalkAnims:my
currentAnim:Ra
drawBox:Bm
setMasterVolume:sC
posTransition:oc
ninepatch:Ld
flipped:Im
prepared:Hn
playSound:Cn
startY:po
EffectSheet:nf
runners:Qf
wm:Zd
doStateTransition:Z
resumeDefault:Ti
boxColor:bq
animationFixed:Dd
loopCount:df
minTime:zb
target2:gl
FACE8:tl
relativeVel:wd
RIGHT_STICK_X:Fl
FACE2:ht
tY:oy
OverlayCornerGui:Ot
onPreUpdate:qn
maps:eb
onLevelLoaded:on
EffectTimeRunner:bt
teleportPosition:dj
teleporting:ro
indigo:HB
indianred:GB
_fixTileset:Nu
isOverHole:ri
dist:fa
dot:Aq
pushVel:gh
EPS:Na
COLLISION:W
spriteSlot:ps
setGfxOffset:Qx
CubeSprite:Jo
inputSignature:Um
onEventEndDetach:jx
setupInput:$x
Input:st
F11:dz
realHeight:On
SAVE_MODE:Il
imageSmoothingDisabled:Sm
channels:wv
FORMAT:No
disconnectSound:Ov
FASTER:nz
currentIndex:Vb
getFragment:nw
getCharWidth:Km
widthForString:FC
IG_GAME_DEBUG:Po
fillFragments:aw
BUFFER_HEIGHT:rl
getMaxTileIdx:sw
tolerateMissingResources:wy
rootStep:Yn
teleportTimer:ej
totalBlockTimer:yd
addGuiElement:Cd
setState:Yx
anims:za
F12:ez
stopOnEnd:ky
RIGHT_STICK_Y:Gl
getAttribVec2:Oq
getAttribVec3:iw
getAttribString:hw
getAttribCondition:fB
setFlip:fs
actionDetached:Pp
getGridTile:ow
timeOnPush:zC
setWalkAnims:fo
colorA:mq
preRenderChunk:Uk
mapping:Ba
_rec_visualize:HA
_drawChar:Rl
_killed:vf
EFFECT_ENTRY:Jc
getEntitiesOnTop:mB
isControlBlocked:hr
events:Hf
blockingEventCall:Af
MP3:At
stepData:P
_isDrawn:Vl
currentLang:ak
slipY:rc
Image:M
DoubleColor:Ko
FACE0:sl
loadTrackSet:tr
FACE1:gt
maxTime:aa
iPhone:Xq
_withNull:Op
beepSound:lm
currentSpeed:Fg
popTarget:Rr
setTextState:vC
initNumber:cr
targetNumber:hl
MaxNumberGui:Dt
GuiElementBase:ib
currentNumberGui:Eg
maxNumberGui:zi
setSlipThrough:Wx
numDirs:Ei
maxStep:xr
accelerationIncludingGravity:IA
timeScale:uy
shadow:oa
currentTileOffset:vq
lightSources:cn
diameter:ai
effects:nb
pretty:mb
stepTimer:gb
ccw:uv
cacheList:pm
timeFactor:lf
skipMode:ms
SLIP_PIXELS:yj
HEIGHT_TOLERATE:Fe
getTextDimensions:Vq
setColorBWeight:mC
iOS:xw
iPad:yw
mobile:YB
xMax:Ey
yMax:Hy
android:rv
getTileModFragment:vw
onTeleport:tn
spawnable:aj
_focusTimer:ec
sizeTransition:$a
BoxGui:mj
_focusTime:pe
exitMenu:ar
_fixTilesize:jp
baseZPos:ja
loadTrack:Ek
startHeight:bj
stashed:Zc
entityAttached:Jg
contentEntries:Xi
_getModeData:Me
_offset:Ij
gamepad:dc
_transitionFunction:bm
removeAfterTransition:Pd
_nodePosition:Oe
_fixSize:ip
_label:vp
_loadedLevel:Hj
digits:ck
mouseGuiActive:$g
partlyBlockTimer:vd
precise:fh
namedEntities:Hk
freeEntityIds:hi
callEvent:qm
indexMapping:tk
onFinish:Kk
isButtonPressed:Mf
ig:af
jumping:bf
container:Ze
newGameClass:Ik
fullyStopped:Lq
nameGui:Mc
compiledMode:tq
guiHooks:$e
mapDefaultTrackSet:Fk
guiInfo:Tg
slipX:qc
_ampTimer:oq
EventManager:ft
blockedEventCallQueue:Qj
debugDraw:wq
faceDirFixed:Mg
ignoreCollision:qd
doEscape:Am
merged:zr
maxVel:Vc
dust:Dm
tilesetName:zs
maxNumber:Kd
currentClip:Dg
IMMEDIATE:qj
fixDraw:le
neighbours:Yj
spawnParticle:$i
keepStateAfterAction:mr
holeInfo:Wb
w:sc
entryDir:Rg
clock:jq
fps:Jq
zHeight:Eo
zTileOff:Iy
preRender:Tr
_nextOffset:Bp
lastMousePos:$m
devicemotion:Nv
sequence:Wc
ChunkedMap:Ho
textGui:Jf
accelSpeed:wf
signed:jo
GUI_NUMBER_COLOR:jt
gravity:Rm
_getCurrentNumber:mp
renderer:Vn
zBounciness:kl
getLevelIdx:Uq
BUTTONS:Ma
multiChannel:ZB
isAxesDown:wk
SoundHandleDefault:du
remainingHits:Xr
classType:hq
ACTOR_CONFIGS:bc
mapId:Xw
forceFaceDirFixed:If
jumpingEnabled:si
kill:Zx
startRelativeVel:fy
dirChangeTimer:bi
followUpAnim:jd
TOUCH_TRIGGER_TYPE:mu
variable:jl
addStepColorRule:yf
mapSaveEnabled:vr
BGM_SWITCH_MODE:ae
registerTrack:Bx
BLINK:ql
_currentPos:kg
_offsetTime:Fh
_offsetDuration:qg
centralName:Hg
colorAlpha:Wj
winzerPowerupFxHandle:Sr
shadowImage:ho
EventRunType:cg
windowFocusLost:Bo
radius:Wr
numParticles:ah
minZSpeed:Br
maxZSpeed:yr
postLoadModules:Pk
_inCollisionMap:mg
_deferredEntityUpdate:fp
screenWidth:ao
screenHeight:$n
levelUp:ti
introBuffer:Wm
taskTitle:Dr
maxCount:Sc
handleMovementTrace:Wq
millis:Zn
wrapText:Dy
BgmTrack:Qs
prerender:Ur
_createdAnimSheet:dp
iPhone4:FB
defaultMode:Lv
_getDefaultTrackEntry:np
startTrack:qs
_width:dv
_height:Qu
_endEventCall:Ju
EventCall:et
connectSound:Dv
_search:Js
setSizeFromEntity:es
_recResolve:Qp
clearEffects:eo
obj:fb
getCenter:Sa
Effect:Lo
Vars:$o
timelineIndex:Ae
groundEntry:od
ksort:UB
setContent:jg
_updateTracks:cv
currentStateName:uq
stopRunLoop:ly
prePos:Gj
setScroll:uC
smoothPositioning:ay
createImageBuffer:VA
_minimizeDisplay:cj
center:top
_close:Ip
moveSpeed:xp
setTile:wC
setWindowFocus:ks
tmpFScore:no
drawPreRendered:Sv
SHIFT:aA
CTRL:Uy
master:$w
reloadCache:bC
checkForEndCallback:xv
toRGB:vy
addColor:jv
targetAlpha:us
forceSettings:Xl
colorGui:wm
SoundManager:fu
limitSoundUse:qr
getEntityByName:lw
getDuration:Qq
spawnEntity:Tf
_changeLevel:AA
backgroundAnims:$p
setScreenPos:Vx
varsChangedDeferred:Xd
BALL_SIZE:Ny
BALL_Z_HEIGHT:Oy
defaultConfig:Zh
secondJumpCheck:bo
Game:kt
mapLoader:Yw
getEntitiesByType:Rq
onVisibilityChange:vn
collided:Se
_prevPressed:Ye
KEYS:xl
showPlus:io
_actorOption:zu
_currentAction:Iu
addNamedSound:nv
currentSubState:vi
scalableX:jC
scalableY:kC
angle:Sb
onDeferredUpdate:Fi
metrics:Gk
fromDataFix:Kq
_noRepeat:Dp
h:nc
_cacheIsCleared:ap
onBounce:hx
blinkCount:mm
currentActionStep:Td
entryDist:gi
cleanCache:Bv
introPath:gr
preloadStartTrack:wx
_zSlow:dm
_currentZ:tf
getInlineEvent:pw
moveEntity:Ds
useTargetAngle:Zm
ALT:Ly
removeImage:Ex
_popup:GA
spawnEventGui:ns
_fixLevel:DA
drawTiled:Cm
SUPPORTED_LANG:fA
removePressCallback:CB
RGBColor:eg
_intervalStep:Su
getAnimations:Nq
settings:jh
onTeleportStart:Kr
GamepadPlatform:ul
debugCheck:Kv
getDirectionVel:kw
setAction:co
clearStashedAction:TA
resumeStashedAction:gC
dest:zm

// Human Mappings, General Category
module:p
requires:r
defines:o
Bgm:$f
TextGui:gg
TileSheet:Ie
AnimatedEntity:Ee
storage:Hb
loadCheckpoint:VB
saveCheckpoint:Ix
Renderer2d:Hl
SpriteDrawSlot:hu
mul:cx
div:Pv
mod:ax
and:qv
or:qx
xor:Gy
propType:Kn
propAnim:$B
mark:XB
inject:JB
onEndCallback:Kb
EmptyLoader:ct
setColor:Vi
checkPointSave:Ag
resetAfterTeleport:Wn
isLeftStickDown:ir
isRightStickDown:Ym
respawn:$r
getDirectionIndex:Lm
Animation:th
setGame:Px
loadingComplete:ur
playerEntity:Gb
textBlock:Ta
NUMBER_SIZE:Gt
Map:zl
FACE3:it
LEFT_TRIGGER:Ro
MAP:hc
TEXT_COMMANDS:nu
resolveVar:dd
Entity:g
onLevelChange:lx
staticNoCollision:jy
drawCheck:YA
drawTileCheck:ZA
onIconChange:kx
setText:Xk
loadFromConfig:Qw
loadFromData:Rw
loadFromEntity:Sw
ActorConfig:ol
pushIconSet:aC
runningEventCalls:hh
tracksToUpdate:fj
_startEventCall:Kp
conditionalEntities:nh
addActionAttached:hv
actionAttached:ug
onActionEndDetach:gx
slot:Sf
iconTextCmd:Yq
nameTextCmd:oi
literalTextCmd:gq
paramTextCmd:Uh
callChangeListeners:rC
getState:uw
isFinished:NB
FAST:Mo
SLOW:bA
NORMAL:To
WHITE:xu
RED:Yz
GREEN:pz
TINY:jA
_createWebAudioContext:Hu
_endedCallback:Ku
SoundDefault:cu
_playInternal:Gh
playLooped:Qr
SoundWebAudio:gu
webAudioBufferGetResult:xm
webAudioBuffer:Ao
SoundHandleWebAudio:eu
_loop:zp
SoundHandle:Jl
Track:Aj
SoundHelper:zh
playAtEntity:Mi
System:ku
inputDom:Xg
browserVersion:cq
platform:Lt
dataBrowser:Fv
dataOS:Gv
searchBrowser:bs
searchBrowserVersion:cs
setDelegate:Mx
startRunLoop:gy
focusLost:Jm
PLUS:Vz
COMMA:Ty
MINUS:Cz
PERIOD:Uz
GAMEPAD:pj
RECTANGLE:Vo
SLOPE_NE:Vt
SLOPE_SE:Xt
SLOPE_SW:Yt
SLOPE_NW:Wt
initAccelerometer:IB
mousewheel:Cr
contextmenu:Ev
keyupd:Kw
touchEnd:xy
mouse:ff
accel:ev
_parse:Yl
_parseVarOrComparison:Gp
_parseVar:Zl
LangLabel:zz
defaultTrack:bk
defaultTrackType:yq
getSaveData:sB
flip:Hd
floatHeightOnMove:Ve
floatHeight:zc
setAnimation:bl
addColorOverlay:Rp
rewind:Xn
frameTime:kk
gotoFrame:ww
gotoRandomFrame:yB
updateSprite:zy
isButtonReleased:MB
pressedStates:In
releasedStates:Sn
isButtonDown:LB
getButtonValue:hB
getAxesValue:lk
activeGamepads:md
ColorOverlay:Io
MultiDirAnimationSet:Et
animation:Nj
animations:Ga
addAnimation:iv
setAnimations:Jx
getAnchorOffset:gw
AnimationSheet:pl
FaceAnimationSheet:wh
initAnimations:Lf
COLLISION_MAP:ta
COLLSHAPE:ag
loadLevel:rr
_recursivelyParseAnimationSheet:Vr
ENTITY_SPRITE_MODE:bd
type:la
shape:Vj
animStatic:lh
airFriction:vg
floatVariance:ik
_wm:n
initSprites:vk
removeFromCollMap:Yk
addToCollMap:Mj
_lastId:Uu
level:yb
setZPos:ls
COLLTYPE:t
getAlignedPos:fw
getOverlapCenterCoords:qB
getHitDir:oB
updateSprites:il
addEntityAttached:kv
removeEntityAttached:Dx
spriteMode:Yc
moveWithTarget:Ci
blendScreen:Sh
endAlpha:Va
alphaTime:wg
currentAction:kc
overloadDefault:hf
onTeleportEnd:mx
cancelAction:Tj
getFaceOffset:Sq
hasAction:AB
setDefaultConfig:Lx
updateAnim:wo
intersectsWithNumeric:Ew
intersectsWithEntity:AC
distanceTo:WA
angleTo:MA
collideWith:Bg
onFallFromEdge:Gi
onTouchGround:Ii
cancelJump:sm
check:SA
animationEnded:NA
animSpeedFactor:sv
callbackOnFinish:rm
getBlockingEventCall:gB
callInlineEvent:dq
isRunning:QB
constructSteps:tp
getVec3:Qm
getEntity:nd
lvl:Uw
setShadow:js
setLighterOverlayColor:hs
lighterOverlayColor:Ji
lighterOverlayAlpha:Ki
spriteOverlapSolver:Mt
drawEntities:Rv
prepareDraw:xx
guiSpriteSlots:ki
mapCleared:Ww
duringDetachRemoveAllSpriteSlotsOfEntity:Uv
ACTOR:Jy
preJumpStats:Tk
_loadScript:Xu
clearMap:um
AnimationState:Ns
spawn:lo
holeInfoMapRes:xi
isGridHole:OB
_deferredDetach:uf
COLL_FLAG_HOLE:bg
COLL_FLAG_WALL:Go
COLL_FLAG_HOLEWALL:be
COLL_FLAG_DAMAGE:Sy
TERRAIN_FILE:iA
TERRAIN_DEFAULT:hA
TERRAIN:Yo
setGridTile:pC
getTile:wB
renderData:Ya
SimpleColor:au
TransitionColor:su
Music:Ft
ingameTick:er
namedSheets:Wi
sprites:Fc
_collData:Ua
zBaseUncertain:Do
slipped:ko
zPush:ll
getCollideSide:iB
removeEntity:Cx
gfxSize:os
runType:$k
onStart:sn
distance:Gg
preRenderMapToChunks:Fn
_noDistance:Cp
updateEntity:Fs
updatesPerformedThisLoop:Lj
lastUpdateIndexInThisLoop:xo
holeInfoMapDir:to
holeRelevantEntity:dh
okY:pk
mapName:Zw
_levelToLoad:EA
_doSortEntities:BA
resetOrder:Zr
onPreDraw:pn
preDrawOrder:Dn
getEntityCount:nB
getEntitiesInCircle:lB
isPlayerTouch:PB
sortEntities:KA
spawnPlayer:sq
preloadLevel:vx
mapStyle:WB
Storage:ju
preDrawMaps:ux
noMerge:ex
nhcObfuscated:dx
BALL_HEIGHT:Ps
unsupported:EC
UNSUPPORTED:Bh
WEBKIT:wu
XBOX:sf
GamepadType:zd
GamepadManager:lt
handlers:nn
deferredUpdateOrder:$h
preUpdateOrder:Gn
teleportOrder:ws
getPlatform:Pu
getGamepadType:$u
installWebkitGamepads:Au
setDefaultDeadzones:Eu
buttons:sb
axes:yg
deadzoneLeftStick:Hv
deadzoneRightStick:Iv
deadzoneTrigger:Jv
steps:xd
parallelMove:wn
eventAction:Vv
alreadyCollided:hm
onProjectileHit:Jr
ballHit:km
getFace:mw
stashAction:xC
hasStashedAction:DB
doJump:ci
onJump:Ir
prevFaceFix:yx
vec2:mf
oldWorldSpeed:Ep
expression:ei
pushTarget:Ln
_getTargetPos:pp
getTargetCount:uB
isTargetReached:RB
_cameraTargetOffset:Ke
_getDuration:op
setOffset:tC
fix:Qg
flipX:Hm
setLocalStorageNamespaces:Ux
localStorageSaveNamespace:al
localStorageCheckpointNamespace:Av
debugLastSavedGame:Mw
theTypeOfThisEffect:Gf
zGravityFactor:De
isDone:xk
getRemainingTime:Om
onEntityKillDetach:ix
moveOffset:hn
prevWeight:zx
minZVel:fn
zFlat:Ls
minSpeed:en
maxSpeed:wr
range:Mn
Gui:mt
postDrawOrder:Ok
_updateRecursive:Mp
_drawRecursive:gp
updateState:Ay
pauseGui:rx
invisibleUpdate:Gw
currentState:Yh
getDestPos:jB
getDestScroll:kB
visible:sg
setVisible:SB
insertChildGui:KB
removeChildGui:dC
removeChildGuiByIndex:eC
removeAllChildren:cC
uiAnimPreviousState:Vp
uiAnimTime:Rh
uiAnimMaxTime:im
uiAnimTimeFunction:Wp
uiAnimTargetState:xg
doPosTranstition:Qv
doScrollTransition:XA
hasTransition:EB
getTransitionFactor:xB
OverlayGui:Pt
shadowStrength:pv
setDefaultTrackType:nC
LARGE:yz
isPlayer:Hw
cameraHandle:tv
hasNoticedPlayerFellBelowMap:$v
checkPlayerPos:yv
namedTracks:BC
main:Vw
Rumble:Zz
RumbleHandle:$z
rumble:hC
addRumble:LA
listeners:Nf
kill:Ac
destroy:aq
setBeepSound:lC
mouseOver:gn
onDetach:Dq
onInteraction:Gr
numTransitionTime:Jk
padZeros:Or
terrain:ys
throwTimer:Vf
attackReverseFlipper:so
attack1:Xp
attack2:Yp
jump:Jw
land:Lw
throw1:py
throw2:qy
throw3:ry
loadStart:zB
gotoTitle:CC
sounds:Xc
configs:qq
normal:Er
JUMP_TYPE:vl
jumpType:Zg
tileSheet:Wf

// Human Mappings, Wobbly Category
PROP_TYPE:Cl
quiteInteresting:qi

// Human Mappings, Typo Category
obfuscatedToPreserveBugs_imageSmoothingEnabled_zw:zw
obfuscatedToPreserveBugs_webkitImageSmoothingEnabled_Cy:Cy
obfuscatedToPreserveBugs_mozImageSmoothingEnabled_bx:bx
obfuscatedToPreserveBugs_acceltDir_JA:JA
obfuscatedToPreserveBugs_ENABLED_Yy:Yy
obfuscatedToPreserveBugs_saveMode_iC:iC
arrayPlotterAndTheImportanceOfProperHistoricalArtifactPreservation:Lu

// Human Mappings, NHC-Specific (And Thus Made Up)

hasBegun:ze
setEnabledState:Gs

BottleCounter:Rs

WINE_TYPE:Je
wineType:hj
break1:Wv
break2:Xv
break3:Yv

WINZER_TYPE:Ml
winzerType:ph
winzerPowerupType:Rk

onProjectileKill:Hi
flamingWinzerPowerup:Gm

HandScrollBox:Uo
LeftwardHangingScrollBox:uu
RightwardHangingScrollBox:zt
HorizontalBarBox:So

ScoreGui:pt
HighScoreContentGui:ot
HighScoreGui:nt
horizontalBar:Mb
_focusUpcoming:gd
_focus:re
onCompletedSizeTransition:ge
updateSizeTransition:cm
completedRevealCallback:am
ControlsContentGui:Ss
ControlsGui:Ts
NinjaHeadGui:It
ninjaHeadAnimIntro:sy
ninjaHeadAnimLoop:ty
NinjaTitleNinjaImageGui:Ht
ninjaHeadGui:Md
TitleScreenStartGui:pu
unlocked:fr
TitleScreenGui:qu
completedIntroScreen:Tu
introGui:Vm

OvertureGui:tt
overtureGui:Xm
CodaGui:dt
introTextGui:kf

TimerGui:ou

WINZER_POWERUPS:dg
NinjaHoboGame:Jt
debugTeleportTarget:zv
transitionTimer:gj
useDebugTeleportTargetVars:Hp
powerup:tx
levelCompleted:Nw
beep1:OA
beep2:PA
doorActivate:gv
ninjaTitleButtonCallback:dy
ninjaIntroButtonCallback:cy
onPlayerCollideWithWinzerPowerup:ey
createdFakeWine:zg
killedFakeWine:Th
currentWinzerPowerup:Fd
unequipWinzerPowerup:qo
hasNoticedAllWineKilled:nm
levelQueuedToPlay:kn
bottleCounter:Sg
winzerPowerupTimer:Oi
isShowingEndGui:Hq
titleScreenGui:As
timerGui:Be
ninjaScores:pd
addNinjaScore:ov

